---
source: crates/pika_cli/tests/run_programs.rs
expression: "run_both(dir, \".\", &name)"
input_file: crates/pika_cli/tests/run_packages/panic_module/pika.toml
---
exit: 101
--- stdout ---
2
--- stderr ---
panic: index out of bounds: the index is 5 but the length is 3
  at vendor/checks/src/lib.pk:2:21
    2 |     :return $items->$index
      |                     ^
