---
source: crates/pika_cli/tests/run_programs.rs
expression: "run_both(dir, &name, &name)"
input_file: crates/pika_cli/tests/run/panic_unwrap_none.pk
---
exit: 101
--- stdout ---
1
--- stderr ---
panic: `unwrap` of `none`
  at panic_unwrap_none.pk:10:11
    10 |     :put [$missing->unwrap]
       |           ^
