---
source: crates/pika_driver/tests/check_snapshots.rs
expression: "snapshot(&name, &analysis)"
input_file: crates/pika_driver/tests/check/ok_script.pk
---
const limit: i64
const ratio: f64
const welcome: String
const mask: u8
global count: i64
fn add(a: i64, b: i64) -> i64
fn greet(name: String, greeting: String) -> nothing
fn classify(n: i64) -> String
fn fib(n: u64) -> u64
fn forever() -> nothing
fn fail(message: String) -> never
script main() -> nothing
    total: i64
    i: i64
