---
source: crates/pika_driver/tests/check_snapshots.rs
expression: "snapshot(&name, &analysis)"
input_file: crates/pika_driver/tests/check/err_unsupported.pk
---
fn main() -> nothing

--- diagnostics ---
[E0208] Error: foreign functions are not supported yet
   ╭─[ err_unsupported.pk:1:1 ]
   │
 1 │ :extern lib="c" {
   │ ───┬───  
   │    ╰───── foreign functions are not supported yet
   │ 
   │ Help: planned for milestone M8 of the compiler
───╯
[E0208] Error: `:unsafe` is not supported yet
   ╭─[ err_unsupported.pk:5:5 ]
   │
 5 │     :unsafe {
   │     ───┬───  
   │        ╰───── `:unsafe` is not supported yet
   │ 
   │ Help: planned for milestone M8 of the compiler
───╯
