---
source: crates/pika_driver/tests/check_snapshots.rs
expression: "snapshot(&name, &analysis)"
input_file: crates/pika_driver/tests/check/err_collection_ownership.pk
---
fn main() -> nothing
    fixed: List<i64>
    lists: List<List<i64>>
    first: List<i64>
    n: List<i64>
    n: List<i64>
    taken: List<i64>
    copy: List<List<i64>>
    twice: List<i64>
    pair: List<List<i64>>

--- diagnostics ---
[E0406] Error: cannot call `push` on `fixed`: it cannot be modified
   ╭─[ err_collection_ownership.pk:5:5 ]
   │
 5 │     $fixed->push 3
   │     ───┬──  
   │        ╰──── cannot call `push` on `fixed`: it cannot be modified
   │
   ├─[ err_collection_ownership.pk:5:5 ]
   │
 4 │     :const fixed {1; 2}
   │            ──┬──  
   │              ╰──── declared here
   │ 
   │ Help: declare it with `:local`, or as a `mut` parameter
───╯
[E0408] Error: cannot move an element out of its collection
   ╭─[ err_collection_ownership.pk:7:18 ]
   │
 7 │     :const first $lists->0
   │                  ────┬────  
   │                      ╰────── cannot move an element out of its collection
   │ 
   │ Help: take it out with `[$list->remove $i]` or `[$map->remove $k]`, or use a copy made with `->clone`
───╯
[E0409] Error: cannot change or move a collection while `:foreach` iterates over it
   ╭─[ err_collection_ownership.pk:9:9 ]
   │
 9 │         $lists->push {3}
   │         ───┬──  
   │            ╰──── cannot change or move a collection while `:foreach` iterates over it
   │
   ├─[ err_collection_ownership.pk:9:9 ]
   │
 8 │     :foreach n in=$lists do={
   │                   ───┬──  
   │                      ╰──── the collection iterated over
   │ 
   │ Help: collect the changes in another variable and apply them after the loop
───╯
[E0409] Error: cannot change or move a collection while `:foreach` iterates over it
    ╭─[ err_collection_ownership.pk:10:9 ]
    │
 10 │         :set lists {}
    │         ──────┬──────  
    │               ╰──────── cannot change or move a collection while `:foreach` iterates over it
    │
    ├─[ err_collection_ownership.pk:10:9 ]
    │
  8 │     :foreach n in=$lists do={
    │                   ───┬──  
    │                      ╰──── the collection iterated over
    │ 
    │ Help: collect the changes in another variable and apply them after the loop
────╯
[E0408] Error: cannot move `n` out: it is an element of the collection iterated over
    ╭─[ err_collection_ownership.pk:13:22 ]
    │
 13 │         :const taken $n
    │                      ─┬  
    │                       ╰── cannot move `n` out: it is an element of the collection iterated over
    │ 
    │ Help: use a copy: `[$n->clone]`
────╯
[E0404] Error: `lists` is used after its value was moved
    ╭─[ err_collection_ownership.pk:16:10 ]
    │
 16 │     :put $lists
    │          ───┬──  
    │             ╰──── `lists` is used after its value was moved
    │
    ├─[ err_collection_ownership.pk:16:10 ]
    │
 15 │     :const copy $lists
    │                 ───┬──  
    │                    ╰──── the value is moved here
    │ 
    │ Help: copy the value before moving it: `[$lists->clone]`
────╯
[E0404] Error: `twice` is used after its value was moved
    ╭─[ err_collection_ownership.pk:18:26 ]
    │
 18 │     :const pair {$twice; $twice}
    │                  ───┬──  ───┬──  
    │                     │       ╰──── `twice` is used after its value was moved
    │                     │            
    │                     ╰──────────── the value is moved here
    │ 
    │ Help: copy the value before moving it: `[$twice->clone]`
────╯
