---
source: crates/pika_driver/tests/check_snapshots.rs
expression: "snapshot(&name, &analysis)"
input_file: crates/pika_driver/tests/check/err_missing_traits.pk
---
fn show<T>(x: T) -> nothing
fn nothing_at_all() -> nothing
fn main() -> nothing
    b: Box2
    s: String
    boxes: List<Box2>
    by_box: Map<Box2, i64>
    floats: Set<f64>
    listed: Listed<i64>
    pair: Pair<Box2>
    maybe: Box2?
    m: Map<String, i64>
    g: fn()
    c: Color
closure closure() -> nothing

--- diagnostics ---
[E0303] Error: `:put` cannot be used with a value of type `T`, which does not implement `Display`
    ╭─[ err_missing_traits.pk:17:27 ]
    │
 17 │ :fn show<T> x:T do={ :put $x }
    │                           ─┬  
    │                            ╰── `T` cannot be displayed
    │ 
    │ Help: add a bound to the type parameter: `<T: Display>`
────╯
[E0303] Error: `:put` cannot be used with a value of type `Box2`, which does not implement `Display`
    ╭─[ err_missing_traits.pk:23:10 ]
    │
 23 │     :put $b
    │          ─┬  
    │           ╰── `Box2` cannot be displayed
    │
    ├─[ err_missing_traits.pk:23:10 ]
    │
  3 │ :struct Box2 {
    │         ──┬─  
    │           ╰─── declared here
    │ 
    │ Help: add `impl=Display` to `Box2`: `:struct Box2 impl=Display {`
────╯
[E0303] Error: a value of type `Box2` cannot be interpolated into a string, as `Box2` does not implement `Display`
    ╭─[ err_missing_traits.pk:24:16 ]
    │
 24 │     :put "b is $b"
    │                ─┬  
    │                 ╰── `Box2` cannot be displayed
    │
    ├─[ err_missing_traits.pk:24:16 ]
    │
  3 │ :struct Box2 {
    │         ──┬─  
    │           ╰─── declared here
    │ 
    │ Help: add `impl=Display` to `Box2`: `:struct Box2 impl=Display {`
────╯
[E0303] Error: `:tostr` cannot be used with a value of type `Box2`, which does not implement `Display`
    ╭─[ err_missing_traits.pk:25:22 ]
    │
 25 │     :const s [:tostr $b]
    │                      ─┬  
    │                       ╰── `Box2` cannot be displayed
    │
    ├─[ err_missing_traits.pk:25:22 ]
    │
  3 │ :struct Box2 {
    │         ──┬─  
    │           ╰─── declared here
    │ 
    │ Help: add `impl=Display` to `Box2`: `:struct Box2 impl=Display {`
────╯
[E0303] Error: operator `=` cannot be used with `Box2`, which does not implement `Eq`
    ╭─[ err_missing_traits.pk:27:14 ]
    │
 27 │     :put ($b = $b)
    │              ┬  
    │              ╰── `Box2` cannot be compared
    │
    ├─[ err_missing_traits.pk:27:14 ]
    │
  3 │ :struct Box2 {
    │         ──┬─  
    │           ╰─── declared here
    │ 
    │ Help: add `impl=Eq` to `Box2`: `:struct Box2 impl=Eq {`
────╯
[E0303] Error: `contains` needs elements that are `Eq`, but they are `Box2`
    ╭─[ err_missing_traits.pk:29:19 ]
    │
 29 │     :put [$boxes->contains $b]
    │                   ────┬───  
    │                       ╰───── `Box2` cannot be compared
    │
    ├─[ err_missing_traits.pk:29:19 ]
    │
  3 │ :struct Box2 {
    │         ──┬─  
    │           ╰─── declared here
    │ 
    │ Help: add `impl=Eq` to `Box2`: `:struct Box2 impl=Eq {`
────╯
[E0303] Error: operator `=` cannot be used with `List<Box2>`, which does not implement `Eq`
    ╭─[ err_missing_traits.pk:30:18 ]
    │
 30 │     :put ($boxes = $boxes)
    │                  ┬  
    │                  ╰── `List<Box2>` cannot be compared
    │
    ├─[ err_missing_traits.pk:30:18 ]
    │
  3 │ :struct Box2 {
    │         ──┬─  
    │           ╰─── `Box2` is declared here
    │ 
    │ Help: add `impl=Eq` to `Box2`: `:struct Box2 impl=Eq {`
────╯
[E0303] Error: operator `<` cannot be used with `Box2`, which does not implement `Ord`
    ╭─[ err_missing_traits.pk:32:14 ]
    │
 32 │     :put ($b < $b)
    │              ┬  
    │              ╰── `Box2` has no order
    │
    ├─[ err_missing_traits.pk:32:14 ]
    │
  3 │ :struct Box2 {
    │         ──┬─  
    │           ╰─── declared here
    │ 
    │ Help: add `impl=Ord` to `Box2`: `:struct Box2 impl=Ord {`
────╯
[E0312] Error: `Box2` has no method named `clone`, as `Box2` does not implement `Clone`
    ╭─[ err_missing_traits.pk:34:15 ]
    │
 34 │     :put [$b->clone]->w
    │               ──┬──  
    │                 ╰──── `Box2` cannot be cloned
    │
    ├─[ err_missing_traits.pk:34:15 ]
    │
  3 │ :struct Box2 {
    │         ──┬─  
    │           ╰─── declared here
    │ 
    │ Help: add `impl=Clone` to `Box2`: `:struct Box2 impl=Clone {`
────╯
[E0317] Error: `Box2` cannot be a map key or a set element, as `Box2` does not implement `Hash` or `Eq`
    ╭─[ err_missing_traits.pk:36:19 ]
    │
 36 │     :const by_box:Map<Box2, i64> {}
    │                   ───────┬──────  
    │                          ╰──────── `Box2` cannot be hashed
    │
    ├─[ err_missing_traits.pk:36:19 ]
    │
  3 │ :struct Box2 {
    │         ──┬─  
    │           ╰─── declared here
    │ 
    │ Help: add `impl=Hash,Eq` to `Box2`: `:struct Box2 impl=Hash,Eq {`
────╯
[E0317] Error: `f64` cannot be a map key or a set element, as `f64` does not implement `Hash`
    ╭─[ err_missing_traits.pk:37:19 ]
    │
 37 │     :const floats:Set<f64> {}
    │                   ────┬───  
    │                       ╰───── `f64` cannot be hashed
    │ 
    │ Help: floats cannot be hashed, so they cannot be map keys or set elements
────╯
[E0303] Error: `:put` cannot be used with a value of type `Listed<i64>`, which does not implement `Display`
    ╭─[ err_missing_traits.pk:40:10 ]
    │
 40 │     :put $listed
    │          ───┬───  
    │             ╰───── `Listed<i64>` cannot be displayed
    │
    ├─[ err_missing_traits.pk:40:10 ]
    │
  6 │ :struct Listed<T: Display> impl=Eq,Clone {
    │         ───┬──  
    │            ╰──── declared here
    │ 
    │ Help: add `Display` to the `impl=` list of `Listed`: `:struct Listed<T: Display> impl=Eq,Clone,Display {`
────╯
[E0303] Error: `:put` cannot be used with a value of type `Pair<Box2>`, which does not implement `Display`
    ╭─[ err_missing_traits.pk:43:10 ]
    │
 43 │     :put $pair
    │          ──┬──  
    │            ╰──── `Pair<Box2>` cannot be displayed
    │
    ├─[ err_missing_traits.pk:43:10 ]
    │
 10 │     value:T
    │           ┬  
    │           ╰── not `Display` for `Pair<Box2>`
    │ 
    │ Help: `Pair` implements `Display` only when its fields do, and the field `value` of `Pair<Box2>` has type `Box2`, which does not; add `impl=Display` to `Box2`: `:struct Box2 impl=Display {`
────╯
[E0303] Error: `:put` cannot be used with a value of type `Box2?`, which does not implement `Display`
    ╭─[ err_missing_traits.pk:46:10 ]
    │
 46 │     :put $maybe
    │          ───┬──  
    │             ╰──── `Box2?` cannot be displayed
    │
    ├─[ err_missing_traits.pk:46:10 ]
    │
  3 │ :struct Box2 {
    │         ──┬─  
    │           ╰─── `Box2` is declared here
    │ 
    │ Help: add `impl=Display` to `Box2`: `:struct Box2 impl=Display {`
────╯
[E0303] Error: operator `<` cannot be used with `Map<String, i64>`, which does not implement `Ord`
    ╭─[ err_missing_traits.pk:49:14 ]
    │
 49 │     :put ($m < $m)
    │              ┬  
    │              ╰── `Map<String, i64>` has no order
    │ 
    │ Help: sets and maps have no order: only lists, numbers, characters, strings and durations compare with `<`
────╯
[E0303] Error: operator `=` cannot be used with `fn()`, which does not implement `Eq`
    ╭─[ err_missing_traits.pk:51:14 ]
    │
 51 │     :put ($g = $g)
    │              ┬  
    │              ╰── `fn()` cannot be compared
    │ 
    │ Help: function values can only be called and cloned
────╯
[E0303] Error: `:put` cannot be used with a value of type `nothing`, which does not implement `Display`
    ╭─[ err_missing_traits.pk:52:11 ]
    │
 52 │     :put [:nothing_at_all]
    │           ───────┬───────  
    │                  ╰───────── `nothing` cannot be displayed
    │ 
    │ Help: `nothing` has no text: the expression does not produce a value
────╯
[E0303] Error: `Color` has no default value, as `Color` does not implement `Default`
    ╭─[ err_missing_traits.pk:54:21 ]
    │
 54 │     :const c:Color [:default]
    │                     ────┬───  
    │                         ╰───── `Color` has no default value
    │
    ├─[ err_missing_traits.pk:54:21 ]
    │
 12 │ :enum Color {
    │       ──┬──  
    │         ╰──── declared here
    │ 
    │ Help: an enum has no default variant to derive `Default` from; define it in `Color`: `:fn default -> Self do={ :return Color->... }`
────╯
