---
source: crates/pika_driver/tests/check_snapshots.rs
assertion_line: 42
expression: snapshot
input_file: crates/pika_driver/tests/check/err_unsupported.pk
---
fn main() -> nothing

--- diagnostics ---
[E0208] Error: foreign functions are not supported yet
   ╭─[ err_unsupported.pk:1:1 ]
   │
 1 │ :extern lib="c" {
   │ ───┬───  
   │    ╰───── foreign functions are not supported yet
   │ 
   │ Help: planned for milestone M6 of the compiler
───╯
[E0208] Error: tests are not supported yet
   ╭─[ err_unsupported.pk:4:1 ]
   │
 4 │ :test "addition" do={
   │ ──┬──  
   │   ╰──── tests are not supported yet
   │ 
   │ Help: planned for milestone M6 of the compiler
───╯
[E0208] Error: `:unsafe` is not supported yet
   ╭─[ err_unsupported.pk:8:5 ]
   │
 8 │     :unsafe {
   │     ───┬───  
   │        ╰───── `:unsafe` is not supported yet
   │ 
   │ Help: planned for milestone M6 of the compiler
───╯
