---
source: crates/pika_syntax/tests/lexer_snapshots.rs
expression: snapshot
input_file: crates/pika_syntax/tests/lexer/generics.pk
---
 Colon 0..1 ":"
+Ident 1..6 "local"
 Whitespace 6..7 " "
 Ident 7..9 "xs"
+Colon 9..10 ":"
+Ident 10..14 "List"
+Lt 14..15 "<"
+Ident 15..19 "List"
+Lt 19..20 "<"
+Ident 20..23 "i64"
+Gt 23..24 ">"
+Gt 24..25 ">"
+Eq 25..26 "="
+LBrace 26..27 "{"
+RBrace 27..28 "}"
+Newline 28..29 "\n"
 Colon 29..30 ":"
+Ident 30..35 "local"
 Whitespace 35..36 " "
 Ident 36..37 "m"
+Colon 37..38 ":"
+Ident 38..41 "Map"
+Lt 41..42 "<"
+Ident 42..48 "String"
+Comma 48..49 ","
 Whitespace 49..50 " "
 Ident 50..54 "List"
+Lt 54..55 "<"
+Ident 55..58 "i64"
+Gt 58..59 ">"
+Gt 59..60 ">"
 Whitespace 60..61 " "
 LBrace 61..62 "{"
+RBrace 62..63 "}"
+Newline 63..64 "\n"
 Colon 64..65 ":"
+Ident 65..68 "put"
 Whitespace 68..69 " "
 LParen 69..70 "("
+Variable 70..72 "$a"
 Whitespace 72..73 " "
 Gt 73..74 ">"
+Gt 74..75 ">"
 Whitespace 75..76 " "
 Int 76..77 "2"
+RParen 77..78 ")"
 Whitespace 78..79 " "
 LParen 79..80 "("
+Variable 80..82 "$a"
+Gt 82..83 ">"
+Eq 83..84 "="
+Variable 84..86 "$b"
+RParen 86..87 ")"
 Whitespace 87..88 " "
 LParen 88..89 "("
+Variable 89..91 "$a"
 Whitespace 91..92 " "
 Gt 92..93 ">"
 Whitespace 93..94 " "
 Eq 94..95 "="
 Whitespace 95..96 " "
 Variable 96..98 "$b"
+RParen 98..99 ")"
+Newline 99..100 "\n"
 Colon 100..101 ":"
+Ident 101..106 "local"
 Whitespace 106..107 " "
 Ident 107..108 "x"
+Colon 108..109 ":"
+Ident 109..112 "i64"
+Question 112..113 "?"
 Whitespace 113..114 " "
 KwNone 114..118 "none"
+Newline 118..119 "\n"
 Eof 119..119 ""
