---
source: crates/pika_syntax/tests/lexer_snapshots.rs
expression: snapshot
input_file: crates/pika_syntax/tests/lexer/trivia.pk
---
 Whitespace 0..3 "\u{feff}"
 Comment 3..39 "# BOM, then CRLF and CR line endings"
 Newline 39..41 "\r\n"
 Colon 41..42 ":"
+Ident 42..45 "put"
 Whitespace 45..46 " "
 Int 46..47 "1"
+Newline 47..48 "\r"
 Colon 48..49 ":"
+Ident 49..52 "put"
 Whitespace 52..53 " "
 Int 53..54 "2"
+Newline 54..55 "\n"
 DocComment 55..69 "## doc comment"
 Newline 69..70 "\n"
 Colon 70..71 ":"
+Ident 71..74 "put"
 Whitespace 74..75 " "
 Int 75..76 "3"
 Whitespace 76..77 " "
 Comment 77..95 "# trailing comment"
 Newline 95..96 "\n"
 Colon 96..97 ":"
+Ident 97..100 "put"
 Whitespace 100..101 " "
 StringStart 101..102 "\""
+StringText 102..116 "#not a comment"
+StringEnd 116..117 "\""
+Newline 117..118 "\n"
 Colon 118..119 ":"
+Ident 119..122 "put"
 Whitespace 122..123 " "
 LParen 123..124 "("
+Int 124..125 "1"
 Whitespace 125..126 " "
 Plus 126..127 "+"
 Whitespace 127..128 " "
 LineContinuation 128..130 "\\\n"
 Whitespace 130..132 "  "
 Int 132..133 "2"
+RParen 133..134 ")"
+Newline 134..135 "\n"
 Colon 135..136 ":"
+Ident 136..139 "put"
 Whitespace 139..140 " "
 Int 140..141 "4"
 Whitespace 141..142 " "
 LineContinuation 142..145 "\\\r\n"
 Whitespace 145..147 "  "
 Int 147..148 "5"
+Newline 148..149 "\n"
 Eof 149..149 ""
