---
source: crates/pika_syntax/tests/lexer_snapshots.rs
expression: snapshot
input_file: crates/pika_syntax/tests/lexer/unterminated_raw.pk
---
 Colon 0..1 ":"
+Ident 1..4 "put"
 Whitespace 4..5 " "
 RawString 5..22 "r#\"never closed\"\n"
 Eof 22..22 ""

--- diagnostics ---
[E0014] Error: unterminated raw string
   ╭─[ unterminated_raw.pk:1:6 ]
   │
 1 │ :put r#"never closed"
   │      ─┬─  
   │       ╰─── raw string starts here
   │ 
   │ Help: add a closing `"#`
───╯
