---
source: crates/pika_syntax/tests/lexer_snapshots.rs
expression: snapshot
input_file: crates/pika_syntax/tests/lexer/strings.pk
---
 Colon 0..1 ":"
+Ident 1..4 "put"
 Whitespace 4..5 " "
 StringStart 5..6 "\""
+StringText 6..11 "plain"
+StringEnd 11..12 "\""
+Newline 12..13 "\n"
 Colon 13..14 ":"
+Ident 14..17 "put"
 Whitespace 17..18 " "
 StringStart 18..19 "\""
+StringText 19..65 "escapes \\\" \\\\ \\$ \\n \\r \\t \\0 \\' \\x41 \\u{1F600}"
+StringEnd 65..66 "\""
+Newline 66..67 "\n"
 Colon 67..68 ":"
+Ident 68..71 "put"
 Whitespace 71..72 " "
 StringStart 72..73 "\""
+StringText 73..79 "Hello "
+InterpVar 79..84 "$name"
+StringText 84..92 ", 5x6 = "
+InterpParen 92..94 "$("
+Variable 94..96 "$a"
 Whitespace 96..97 " "
 Star 97..98 "*"
 Whitespace 98..99 " "
 Variable 99..101 "$b"
+RParen 101..102 ")"
+StringText 102..110 ", len = "
+InterpBracket 110..112 "$["
+Colon 112..113 ":"
+Ident 113..116 "len"
 Whitespace 116..117 " "
 Variable 117..123 "$items"
+RBracket 123..124 "]"
+StringEnd 124..125 "\""
+Newline 125..126 "\n"
 Colon 126..127 ":"
+Ident 127..130 "put"
 Whitespace 130..131 " "
 StringStart 131..132 "\""
+StringText 132..139 "nested "
+InterpParen 139..141 "$("
 Whitespace 141..142 " "
 StringStart 142..143 "\""
+StringText 143..149 "inner "
+InterpVar 149..151 "$x"
+StringEnd 151..152 "\""
 Whitespace 152..153 " "
 RParen 153..154 ")"
+StringText 154..159 " and "
+InterpBracket 159..161 "$["
+Colon 161..162 ":"
+Ident 162..163 "f"
 Whitespace 163..164 " "
 StringStart 164..165 "\""
+StringText 165..166 "a"
+InterpBracket 166..168 "$["
+Colon 168..169 ":"
+Ident 169..170 "g"
 Whitespace 170..171 " "
 StringStart 171..172 "\""
+StringText 172..173 "b"
+StringEnd 173..174 "\""
+RBracket 174..175 "]"
+StringText 175..176 "c"
+StringEnd 176..177 "\""
+RBracket 177..178 "]"
+StringText 178..183 " done"
+StringEnd 183..184 "\""
+Newline 184..185 "\n"
 Colon 185..186 ":"
+Ident 186..189 "put"
 Whitespace 189..190 " "
 StringStart 190..191 "\""
+StringText 191..198 "parens "
+InterpParen 198..200 "$("
 Whitespace 200..201 " "
 LParen 201..202 "("
+Variable 202..204 "$a"
 Whitespace 204..205 " "
 Plus 205..206 "+"
 Whitespace 206..207 " "
 LParen 207..208 "("
+Int 208..209 "1"
+RParen 209..210 ")"
+RParen 210..211 ")"
 Whitespace 211..212 " "
 RParen 212..213 ")"
+StringText 213..223 " brackets "
+InterpBracket 223..225 "$["
+Colon 225..226 ":"
+Ident 226..227 "f"
 Whitespace 227..228 " "
 LBracket 228..229 "["
+Colon 229..230 ":"
+Ident 230..231 "g"
+RBracket 231..232 "]"
+RBracket 232..233 "]"
+StringEnd 233..234 "\""
+Newline 234..235 "\n"
 Colon 235..236 ":"
+Ident 236..239 "put"
 Whitespace 239..240 " "
 StringStart 240..241 "\""
+StringText 241..251 "multi\nline"
+StringEnd 251..252 "\""
 Whitespace 252..253 " "
 StringStart 253..254 "\""
+StringText 254..274 "continued \\\n    here"
+StringEnd 274..275 "\""
+Newline 275..276 "\n"
 Colon 276..277 ":"
+Ident 277..280 "put"
 Whitespace 280..281 " "
 RawString 281..293 "r\"raw \\n $x\""
 Whitespace 293..294 " "
 RawString 294..307 "r#\"say \"hi\"\"#"
 Whitespace 307..308 " "
 RawString 308..321 "r##\"a \"# b\"##"
+Newline 321..322 "\n"
 Colon 322..323 ":"
+Ident 323..326 "put"
 Whitespace 326..327 " "
 Char 327..330 "'a'"
 Whitespace 330..331 " "
 Char 331..335 "'\\n'"
 Whitespace 335..336 " "
 Char 336..340 "'\\''"
 Whitespace 340..341 " "
 Char 341..349 "'\\u{e9}'"
 Whitespace 349..350 " "
 Char 350..354 "'é'"
+Newline 354..355 "\n"
 Colon 355..356 ":"
+Ident 356..359 "put"
 Whitespace 359..360 " "
 StringStart 360..361 "\""
+StringText 361..384 "unicode é 😀 in text"
+StringEnd 384..385 "\""
+Newline 385..386 "\n"
 Eof 386..386 ""
