---
source: crates/pika_syntax/tests/parser_snapshots.rs
expression: snapshot
input_file: crates/pika_syntax/tests/parser/err_forms.pk
---
SourceFile@0..201
  IfStmt@0..20
    Colon@0..1 ":"
    Ident@1..3 "if"
    Whitespace@3..4 " "
    VarExpr@4..6
      Variable@4..6 "$x"
    Whitespace@6..7 " "
    NamedArg@7..20
      NameRef@7..9
        Ident@7..9 "do"
      Eq@9..10 "="
      Block@10..20
        LBrace@10..11 "{"
        Whitespace@11..12 " "
        Call@12..18
          CommandName@12..16
            Colon@12..13 ":"
            Ident@13..16 "put"
          Whitespace@16..17 " "
          ArgList@17..18
            Literal@17..18
              Int@17..18 "1"
        Whitespace@18..19 " "
        RBrace@19..20 "}"
  Newline@20..21 "\n"
  IfStmt@21..29
    Colon@21..22 ":"
    Ident@22..24 "if"
    Whitespace@24..25 " "
    ParenExpr@25..29
      LParen@25..26 "("
      VarExpr@26..28
        Variable@26..28 "$x"
      RParen@28..29 ")"
  Whitespace@29..30 " "
  Error@30..40
    LBrace@30..31 "{"
    Whitespace@31..32 " "
    Colon@32..33 ":"
    Ident@33..36 "put"
    Whitespace@36..37 " "
    Int@37..38 "1"
    Whitespace@38..39 " "
    RBrace@39..40 "}"
  Newline@40..41 "\n"
  WhileStmt@41..65
    Colon@41..42 ":"
    Ident@42..47 "while"
    Whitespace@47..48 " "
    ParenExpr@48..52
      LParen@48..49 "("
      VarExpr@49..51
        Variable@49..51 "$x"
      RParen@51..52 ")"
    Whitespace@52..53 " "
    NamedArg@53..58
      NameRef@53..55
        Ident@53..55 "do"
      Eq@55..56 "="
      Block@56..58
        LBrace@56..57 "{"
        RBrace@57..58 "}"
    Whitespace@58..59 " "
    NamedArg@59..65
      NameRef@59..63
        Ident@59..63 "step"
      Eq@63..64 "="
      Literal@64..65
        Int@64..65 "1"
  Newline@65..66 "\n"
  ForStmt@66..84
    Colon@66..67 ":"
    Ident@67..70 "for"
    Whitespace@70..71 " "
    Name@71..72
      Ident@71..72 "i"
    Whitespace@72..73 " "
    NamedArg@73..78
      NameRef@73..75
        Ident@73..75 "to"
      Eq@75..76 "="
      Literal@76..78
        Int@76..78 "10"
    Whitespace@78..79 " "
    NamedArg@79..84
      NameRef@79..81
        Ident@79..81 "do"
      Eq@81..82 "="
      Block@82..84
        LBrace@82..83 "{"
        RBrace@83..84 "}"
  Newline@84..85 "\n"
  ForeachStmt@85..101
    Colon@85..86 ":"
    Ident@86..93 "foreach"
    Whitespace@93..94 " "
    Name@94..95
      Ident@94..95 "x"
    Whitespace@95..96 " "
    NamedArg@96..101
      NameRef@96..98
        Ident@96..98 "do"
      Eq@98..99 "="
      Block@99..101
        LBrace@99..100 "{"
        RBrace@100..101 "}"
  Newline@101..102 "\n"
  MatchStmt@102..145
    Colon@102..103 ":"
    Ident@103..108 "match"
    Whitespace@108..109 " "
    VarExpr@109..111
      Variable@109..111 "$v"
    Whitespace@111..112 " "
    MatchArmList@112..145
      LBrace@112..113 "{"
      Newline@113..114 "\n"
      Whitespace@114..118 "    "
      MatchArm@118..131
        VariantPat@118..125
          PathType@118..123
            NameRef@118..123
              Ident@118..123 "Shape"
          Arrow@123..125 "->"
        Whitespace@125..126 " "
        NamedArg@126..131
          NameRef@126..128
            Ident@126..128 "do"
          Eq@128..129 "="
          Block@129..131
            LBrace@129..130 "{"
            RBrace@130..131 "}"
      Newline@131..132 "\n"
      Whitespace@132..136 "    "
      MatchArm@136..143
        Error@136..137
          Eq@136..137 "="
        Whitespace@137..138 " "
        NamedArg@138..143
          NameRef@138..140
            Ident@138..140 "do"
          Eq@140..141 "="
          Block@141..143
            LBrace@141..142 "{"
            RBrace@142..143 "}"
      Newline@143..144 "\n"
      RBrace@144..145 "}"
  Newline@145..146 "\n"
  StructDecl@146..175
    Colon@146..147 ":"
    Ident@147..153 "struct"
    Whitespace@153..154 " "
    Name@154..155
      Ident@154..155 "S"
    Whitespace@155..156 " "
    MemberList@156..175
      LBrace@156..157 "{"
      Newline@157..158 "\n"
      Whitespace@158..162 "    "
      FieldDecl@162..163
        Name@162..163
          Ident@162..163 "x"
      Whitespace@163..164 " "
      Error@164..167
        Ident@164..167 "i64"
      Newline@167..168 "\n"
      Whitespace@168..172 "    "
      Error@172..173
        Int@172..173 "5"
      Newline@173..174 "\n"
      RBrace@174..175 "}"
  Newline@175..176 "\n"
  FnDecl@176..190
    Colon@176..177 ":"
    Ident@177..179 "fn"
    Whitespace@179..180 " "
    Name@180..181
      Ident@180..181 "f"
    Whitespace@181..182 " "
    ParamList@182..187
      Param@182..187
        Name@182..183
          Ident@182..183 "x"
        TypeAnnotation@183..187
          Colon@183..184 ":"
          PathType@184..187
            NameRef@184..187
              Ident@184..187 "i64"
    Whitespace@187..188 " "
    RetType@188..190
      Arrow@188..190 "->"
  Newline@190..191 "\n"
  UseDecl@191..200
    Colon@191..192 ":"
    Ident@192..195 "use"
    Whitespace@195..196 " "
    Error@196..200
      Ident@196..200 "math"
  Newline@200..201 "\n"

--- diagnostics ---
[E0101] Error: conditions must be in parentheses
   ╭─[ err_forms.pk:1:5 ]
   │
 1 │ :if $x do={ :put 1 }
   │     ─┬  
   │      ╰── conditions must be in parentheses
   │ 
   │ Help: write the condition as `($x > 0)`
───╯
[E0110] Error: `:if` requires `do={...}`
   ╭─[ err_forms.pk:2:10 ]
   │
 2 │ :if ($x) { :put 1 }
   │          ┬  
   │          ╰── `:if` requires `do={...}`
   │ 
   │ Help: blocks are passed as named arguments, as in `do={...}`
───╯
[E0109] Error: `:while` has no argument named `step`
   ╭─[ err_forms.pk:3:19 ]
   │
 3 │ :while ($x) do={} step=1
   │                   ──┬─  
   │                     ╰─── `:while` has no argument named `step`
   │ 
   │ Help: `:while` accepts `do=`
───╯
[E0110] Error: `:for` requires `from=...`
   ╭─[ err_forms.pk:4:19 ]
   │
 4 │ :for i to=10 do={}
   │                   ┬  
   │                   ╰── `:for` requires `from=...`
───╯
[E0110] Error: `:foreach` requires `in=...`
   ╭─[ err_forms.pk:5:17 ]
   │
 5 │ :foreach x do={}
   │                 ┬  
   │                 ╰── `:foreach` requires `in=...`
───╯
[E0101] Error: expected a variant name, found identifier
   ╭─[ err_forms.pk:7:13 ]
   │
 7 │     Shape-> do={}
   │             ─┬  
   │              ╰── expected a variant name, found identifier
───╯
[E0101] Error: expected a pattern, found `=`
   ╭─[ err_forms.pk:8:5 ]
   │
 8 │     = do={}
   │     ┬  
   │     ╰── expected a pattern, found `=`
───╯
[E0101] Error: expected `:` and the field's type, found identifier
    ╭─[ err_forms.pk:11:7 ]
    │
 11 │     x i64
    │       ─┬─  
    │        ╰─── expected `:` and the field's type, found identifier
    │ 
    │ Help: write the type after a colon: `:i64`
────╯
[E0101] Error: expected a member, found integer literal
    ╭─[ err_forms.pk:12:5 ]
    │
 12 │     5
    │     ┬  
    │     ╰── expected a member, found integer literal
────╯
[E0101] Error: expected a type, found end of line
    ╭─[ err_forms.pk:14:15 ]
    │
 14 │ :fn f x:i64 ->
    │               ┬  
    │               ╰── expected a type, found end of line
────╯
[E0101] Error: expected a module path, found `math`
    ╭─[ err_forms.pk:15:6 ]
    │
 15 │ :use math
    │      ──┬─  
    │        ╰─── expected a module path, found `math`
    │ 
    │ Help: module paths start with `/`, as in `/std/math`
────╯
